// Jest Snapshot v1, https://goo.gl/fbAQLP

exports[`<ModalHeader /> default renders correctly 1`] = `
<ContextConsumer>
  <Component />
</ContextConsumer>
`;

exports[`<ModalHeader /> variant = error renders correctly 1`] = `
<ContextConsumer>
  <Component />
</ContextConsumer>
`;

exports[`<ModalHeader /> variant = info renders correctly 1`] = `
<ContextConsumer>
  <Component />
</ContextConsumer>
`;

exports[`<ModalHeader /> variant = success renders correctly 1`] = `
<ContextConsumer>
  <Component />
</ContextConsumer>
`;
