// Jest Snapshot v1, https://goo.gl/fbAQLP

exports[`<CalendarNav /> renders correctly 1`] = `
.emotion-22 {
  display: -webkit-box;
  display: -webkit-flex;
  display: -ms-flexbox;
  display: flex;
  width: 100%;
  position: absolute;
  -webkit-box-pack: justify;
  -webkit-justify-content: space-between;
  -ms-flex-pack: justify;
  justify-content: space-between;
  padding: 0;
}

.emotion-9 {
  border: none;
  width: auto;
  overflow: visible;
  font: inherit;
  line-height: normal;
  -webkit-appearance: none;
  -moz-appearance: none;
  appearance: none;
  cursor: pointer;
  margin: 0;
  padding: 0;
  color: inherit;
  background-color: transparent;
}

.emotion-9:disabled {
  cursor: not-allowed;
}

.emotion-9:hover:disabled {
  color: inherit;
  background-color: transparent;
}

.emotion-9:hover,
.emotion-9:focus {
  outline: none;
}

.emotion-9:disabled {
  cursor: not-allowed;
  box-shadow: none;
}

.emotion-3 {
  vertical-align: middle;
  -webkit-flex: none;
  -ms-flex: none;
  flex: none;
}

.emotion-1 {
  width: 24px;
  height: 24px;
  vertical-align: middle;
  -webkit-flex: none;
  -ms-flex: none;
  flex: none;
}

<CalendarNav
  nextProps={
    Object {
      "onClick": [MockFunction],
    }
  }
  prevProps={
    Object {
      "onClick": [MockFunction],
    }
  }
>
  <Wrapper>
    <div
      className="emotion-22 emotion-23"
    >
      <Button
        as="button"
        bg="transparent"
        color="inherit"
        m={0}
        onClick={[MockFunction]}
        p={0}
        type="button"
      >
        <button
          className="emotion-9 emotion-10"
          color="inherit"
          onClick={[MockFunction]}
          type="button"
        >
          <Icon
            name="chevronLeft"
            size={24}
            title={null}
          >
            <WithTheme(Component)
              className="emotion-3 emotion-0"
              name="chevronLeft"
              size={24}
              title={null}
            >
              <Component
                className="emotion-3 emotion-0"
                name="chevronLeft"
                size={24}
                title={null}
              >
                <StyledSvg
                  className="emotion-3 emotion-0"
                  fill="currentcolor"
                  height={24}
                  title="chevronLeft"
                  viewBox="0 0 24 24"
                  width={24}
                >
                  <svg
                    className="emotion-0 emotion-1 emotion-2"
                    fill="currentcolor"
                    height={24}
                    title="chevronLeft"
                    viewBox="0 0 24 24"
                    width={24}
                  >
                    <path
                      d={null}
                    />
                  </svg>
                </StyledSvg>
              </Component>
            </WithTheme(Component)>
          </Icon>
        </button>
      </Button>
      <Button
        as="button"
        bg="transparent"
        color="inherit"
        m={0}
        onClick={[MockFunction]}
        p={0}
        type="button"
      >
        <button
          className="emotion-9 emotion-10"
          color="inherit"
          onClick={[MockFunction]}
          type="button"
        >
          <Icon
            name="chevronRight"
            size={24}
            title={null}
          >
            <WithTheme(Component)
              className="emotion-3 emotion-0"
              name="chevronRight"
              size={24}
              title={null}
            >
              <Component
                className="emotion-3 emotion-0"
                name="chevronRight"
                size={24}
                title={null}
              >
                <StyledSvg
                  className="emotion-3 emotion-0"
                  fill="currentcolor"
                  height={24}
                  title="chevronRight"
                  viewBox="0 0 24 24"
                  width={24}
                >
                  <svg
                    className="emotion-0 emotion-1 emotion-2"
                    fill="currentcolor"
                    height={24}
                    title="chevronRight"
                    viewBox="0 0 24 24"
                    width={24}
                  >
                    <path
                      d={null}
                    />
                  </svg>
                </StyledSvg>
              </Component>
            </WithTheme(Component)>
          </Icon>
        </button>
      </Button>
    </div>
  </Wrapper>
</CalendarNav>
`;
