// Jest Snapshot v1, https://goo.gl/fbAQLP

exports[`<CharacterCount /> renders correctly 1`] = `
.emotion-0 {
  font-size: 1rem;
  line-height: 1.5;
  font-weight: 500;
  font-size: 0.9375rem;
}

<CharacterCount
  fontSize="sm"
  hidden={false}
  limit={64}
  textStyle="text"
  value="Hello world"
>
  <CharacterCountText
    fontSize="sm"
    hidden={false}
    limit={64}
    textStyle="text"
    value="Hello world"
  >
    <span
      className="emotion-0 emotion-1"
      hidden={false}
      value="Hello world"
    >
      53
    </span>
  </CharacterCountText>
</CharacterCount>
`;
