// Jest Snapshot v1, https://goo.gl/fbAQLP

exports[`<StarRating /> renders correctly 1`] = `
<Flex
  aria-label="1 out of 5 rating"
  display="flex"
  itemType="http://schema.org/AggregateRating"
  title="1 out of 5 rating"
>
  <Icon
    color="brightSun"
    key="0"
    name="circle"
    size="16"
    title={null}
  />
  <Icon
    color="brightSun"
    key="1"
    name="circleBorder"
    size="16"
    title={null}
  />
  <Icon
    color="brightSun"
    key="2"
    name="circleBorder"
    size="16"
    title={null}
  />
  <Icon
    color="brightSun"
    key="3"
    name="circleBorder"
    size="16"
    title={null}
  />
  <Icon
    color="brightSun"
    key="4"
    name="circleBorder"
    size="16"
    title={null}
  />
</Flex>
`;
