// Jest Snapshot v1, https://goo.gl/fbAQLP

exports[`<Icon /> when passed icon name in theme renders correctly 1`] = `
.emotion-3 {
  vertical-align: middle;
  -webkit-flex: none;
  -ms-flex: none;
  flex: none;
}

.emotion-1 {
  vertical-align: middle;
  -webkit-flex: none;
  -ms-flex: none;
  flex: none;
}

<Icon
  name="hotel"
  size={24}
  title={null}
>
  <WithTheme(Component)
    className="emotion-3 emotion-0"
    name="hotel"
    size={24}
    title={null}
  >
    <Component
      className="emotion-3 emotion-0"
      name="hotel"
      size={24}
      title={null}
    >
      <StyledSvg
        className="emotion-3 emotion-0"
        fill="currentcolor"
        height={24}
        title="hotel"
        viewBox="0 0 24 24"
        width={24}
      >
        <svg
          className="emotion-0 emotion-1 emotion-2"
          fill="currentcolor"
          height={24}
          title="hotel"
          viewBox="0 0 24 24"
          width={24}
        >
          <path
            d="M7 13c1.66 0 3-1.34 3-3S8.66 7 7 7s-3 1.34-3 3 1.34 3 3 3zm12-6h-8v7H3V5H1v15h2v-3h18v3h2v-9c0-2.21-1.79-4-4-4z"
          />
        </svg>
      </StyledSvg>
    </Component>
  </WithTheme(Component)>
</Icon>
`;
